// Jest Snapshot v1, https://goo.gl/fbAQLP

exports[`<App /> matches the snapshot 1`] = `
<RNCSafeAreaProvider
  onInsetsChange={[Function]}
  style={
    [
      {
        "flex": 1,
      },
      undefined,
    ]
  }
>
  <RNSScreenStack
    style={
      {
        "flex": 1,
      }
    }
  >
    <RNSScreen
      collapsable={false}
      forwardedRef={[Function]}
      gestureResponseDistance={
        {
          "bottom": -1,
          "end": -1,
          "start": -1,
          "top": -1,
        }
      }
      nativeBackButtonDismissalEnabled={false}
      onAppear={[Function]}
      onDisappear={[Function]}
      onDismissed={[Function]}
      onHeaderBackButtonClicked={[Function]}
      onNativeDismissCancelled={[Function]}
      onTransitionProgress={[Function]}
      onWillDisappear={[Function]}
      replaceAnimation="push"
      stackPresentation="push"
      style={
        {
          "bottom": 0,
          "left": 0,
          "position": "absolute",
          "right": 0,
          "top": 0,
        }
      }
      swipeDirection="horizontal"
    >
      <RNSScreenStackHeaderConfig
        backButtonInCustomView={false}
        backgroundColor="rgb(255, 255, 255)"
        color="rgb(0, 122, 255)"
        direction="ltr"
        disableBackButtonMenu={false}
        hidden={true}
        hideBackButton={false}
        largeTitleHideShadow={false}
        title="Login"
        titleColor="rgb(28, 28, 30)"
        topInsetEnabled={false}
        translucent={false}
      />
      <View
        accessibilityElementsHidden={false}
        importantForAccessibility="auto"
        style={
          {
            "flex": 1,
            "flexDirection": "column-reverse",
          }
        }
      >
        <View
          style={
            [
              {
                "flex": 1,
              },
              {
                "backgroundColor": "rgb(242, 242, 242)",
              },
              undefined,
            ]
          }
        >
          <RCTSafeAreaView
            style={
              {
                "flex": 1,
                "justifyContent": "center",
              }
            }
          >
            <View
              style={
                {
                  "paddingHorizontal": 25,
                }
              }
            >
              <Text
                style={
                  {
                    "color": "#333",
                    "fontSize": 28,
                    "fontWeight": "500",
                    "marginBottom": 30,
                  }
                }
              >
                Login Page
              </Text>
              <View
                style={
                  {
                    "borderBottomColor": "#ccc",
                    "borderBottomWidth": 1,
                    "flexDirection": "row",
                    "marginBottom": 25,
                    "paddingBottom": 8,
                  }
                }
              >
                <TextInput
                  keyboardType="email-address"
                  onChangeText={[Function]}
                  placeholder="Email"
                  style={
                    {
                      "flex": 1,
                      "paddingVertical": 0,
                    }
                  }
                />
              </View>
              <View
                style={
                  {
                    "borderBottomColor": "#ccc",
                    "borderBottomWidth": 1,
                    "flexDirection": "row",
                    "marginBottom": 25,
                    "paddingBottom": 8,
                  }
                }
              >
                <TextInput
                  onChangeText={[Function]}
                  placeholder="Password"
                  secureTextEntry={true}
                  style={
                    {
                      "flex": 1,
                      "paddingVertical": 0,
                    }
                  }
                />
                <View
                  accessibilityState={
                    {
                      "busy": undefined,
                      "checked": undefined,
                      "disabled": undefined,
                      "expanded": undefined,
                      "selected": undefined,
                    }
                  }
                  accessibilityValue={
                    {
                      "max": undefined,
                      "min": undefined,
                      "now": undefined,
                      "text": undefined,
                    }
                  }
                  accessible={true}
                  collapsable={false}
                  focusable={true}
                  onClick={[Function]}
                  onResponderGrant={[Function]}
                  onResponderMove={[Function]}
                  onResponderRelease={[Function]}
                  onResponderTerminate={[Function]}
                  onResponderTerminationRequest={[Function]}
                  onStartShouldSetResponder={[Function]}
                  style={
                    {
                      "opacity": 1,
                    }
                  }
                >
                  <Text
                    style={
                      {
                        "color": "#6699CC",
                        "fontWeight": "700",
                      }
                    }
                  >
                    Forgot?
                  </Text>
                </View>
              </View>
              <View
                accessibilityState={
                  {
                    "busy": undefined,
                    "checked": undefined,
                    "disabled": undefined,
                    "expanded": undefined,
                    "selected": undefined,
                  }
                }
                accessibilityValue={
                  {
                    "max": undefined,
                    "min": undefined,
                    "now": undefined,
                    "text": undefined,
                  }
                }
                accessible={true}
                collapsable={false}
                focusable={true}
                onClick={[Function]}
                onResponderGrant={[Function]}
                onResponderMove={[Function]}
                onResponderRelease={[Function]}
                onResponderTerminate={[Function]}
                onResponderTerminationRequest={[Function]}
                onStartShouldSetResponder={[Function]}
                style={
                  {
                    "backgroundColor": "#6699CC",
                    "borderRadius": 10,
                    "marginBottom": 30,
                    "opacity": 1,
                    "padding": 20,
                  }
                }
              >
                <Text
                  style={
                    {
                      "color": "#fff",
                      "fontSize": 16,
                      "fontWeight": "700",
                      "textAlign": "center",
                    }
                  }
                >
                  Login
                </Text>
              </View>
            </View>
            <View
              style={
                {
                  "flexDirection": "row",
                  "justifyContent": "center",
                  "marginBottom": 30,
                }
              }
            >
              <Text>
                New to the app?
              </Text>
              <View
                accessibilityState={
                  {
                    "busy": undefined,
                    "checked": undefined,
                    "disabled": undefined,
                    "expanded": undefined,
                    "selected": undefined,
                  }
                }
                accessibilityValue={
                  {
                    "max": undefined,
                    "min": undefined,
                    "now": undefined,
                    "text": undefined,
                  }
                }
                accessible={true}
                collapsable={false}
                focusable={true}
                onClick={[Function]}
                onResponderGrant={[Function]}
                onResponderMove={[Function]}
                onResponderRelease={[Function]}
                onResponderTerminate={[Function]}
                onResponderTerminationRequest={[Function]}
                onStartShouldSetResponder={[Function]}
                style={
                  {
                    "opacity": 1,
                  }
                }
              >
                <Text
                  style={
                    {
                      "color": "#6699CC",
                      "fontWeight": "700",
                    }
                  }
                >
                   Register
                </Text>
              </View>
            </View>
          </RCTSafeAreaView>
        </View>
      </View>
    </RNSScreen>
  </RNSScreenStack>
</RNCSafeAreaProvider>
`;
