// Jest Snapshot v1, https://goo.gl/fbAQLP

exports[`TimerCountDownDisplay should match the snapshot 1`] = `
<View>
  <Text
    style={
      {
        "fontSize": 90,
        "fontWeight": "700",
      }
    }
  >
    00
    :
    20
    :
    00
  </Text>
</View>
`;
