// Jest Snapshot v1, https://goo.gl/fbAQLP

exports[`Task component matches the snapshot 1`] = `
<View
  style={
    {
      "alignItems": "center",
      "backgroundColor": "#FFF",
      "borderRadius": 10,
      "flexDirection": "row",
      "justifyContent": "space-between",
      "marginBottom": 20,
      "padding": 15,
    }
  }
>
  <View
    style={
      {
        "alignItems": "center",
        "flexDirection": "row",
        "flexWrap": "wrap",
      }
    }
  >
    <View
      style={
        {
          "backgroundColor": "#55BCF6",
          "borderRadius": 5,
          "height": 24,
          "marginRight": 15,
          "opacity": 0.4,
          "width": 24,
        }
      }
      testID="colored-square"
    />
    <Text
      style={
        {
          "maxWidth": "80%",
        }
      }
    >
      Sample task
    </Text>
  </View>
  <View
    style={
      {
        "borderColor": "#55BCF6",
        "borderRadius": 5,
        "borderWidth": 2,
        "height": 12,
        "width": 12,
      }
    }
    testID="circular-element"
  />
</View>
`;
